{'AppName':'TheAppName','AppVersion':'1.2','Server':'MACPRO','Claims':{'claimType':'superadmin'},'UserAgent':'theUserAgent',